<area shape="rect" href="$classChart_1_1Bars.html" title="Bars class derived from class Base." alt="" coords="183,5,276,32">
<area shape="rect" href="$classChart_1_1Composite.html" title="Composite class derived from class Base." alt="" coords="163,56,296,83">
<area shape="rect" href="$classChart_1_1Direction.html" title="Direction class derived class for Chart to implement direction charts." alt="" coords="169,107,289,133">
<area shape="rect" href="$classChart_1_1ErrorBars.html" title="ErrorBars class derived from class Base." alt="" coords="168,157,291,184">
<area shape="rect" href="$classChart_1_1HorizontalBars.html" title="Bars class derived from class Base." alt="" coords="151,208,308,235">
<area shape="rect" href="$classChart_1_1Lines.html" title="Bars class derived from class Base." alt="" coords="181,259,277,285">
<area shape="rect" href="$classChart_1_1LinesPoints.html" title="LinesPoints class derived from class Base." alt="" coords="161,309,297,336">
<area shape="rect" href="$classChart_1_1Mountain.html" title="Mountain class derived class for Chart to implement mountain type of plots." alt="" coords="168,360,291,387">
<area shape="rect" href="$classChart_1_1Pareto.html" title="Pareto class derived class for Chart to implement." alt="" coords="176,411,283,437">
<area shape="rect" href="$classChart_1_1Pie.html" title="Pie class derived class for Chart to implement pies." alt="" coords="188,461,271,488">
<area shape="rect" href="$classChart_1_1Points.html" title="Points class derived from class Base." alt="" coords="177,512,281,539">
<area shape="rect" href="$classChart_1_1Split.html" title="Split class derived from class Base." alt="" coords="184,563,275,589">
<area shape="rect" href="$classChart_1_1StackedBars.html" title="StackedBars class derived from class Base." alt="" coords="157,613,301,640">
